// Jest Snapshot v1, https://goo.gl/fbAQLP

exports[`Should render header correctly 1`] = `
<header>
  <h1>
    Expensify
  </h1>
  <NavLink
    activeClassName="isActive"
    ariaCurrent="true"
    to="/dashboard"
  >
    Dashboard
  </NavLink>
  <NavLink
    activeClassName="isActive"
    ariaCurrent="true"
    to="/create"
  >
    Create an new expense
  </NavLink>
  <button
    onClick={[Function]}
  >
    Log out
  </button>
</header>
`;
