// Jest Snapshot v1, https://goo.gl/fbAQLP

exports[`should render the not found page 1`] = `
<div>
  Error 404! - 
  <Link
    replace={false}
    to="/"
  >
    Go to Home
  </Link>
</div>
`;
